
> menu@0.0.0 build
> tsc -b && vite build

[36mvite v7.3.0 [32mbuilding client environment for production...[36m[39m
transforming...
[32mΓ£ô[39m 5 modules transformed.
Γ£ù Build failed in 98ms
error during build:
[@tailwindcss/vite:generate:build] Cannot apply unknown utility class `shadow-[0_0_30px_rgba(252,`
file: D:/Real Projects/Menu_ChefEmad/src/index.css
    at onInvalidCandidate (file:///D:/Real%20Projects/Menu_ChefEmad/node_modules/tailwindcss/dist/chunk-CT46QCH7.mjs:21:1511)
    at Ce (file:///D:/Real%20Projects/Menu_ChefEmad/node_modules/tailwindcss/dist/chunk-CT46QCH7.mjs:16:36326)
    at file:///D:/Real%20Projects/Menu_ChefEmad/node_modules/tailwindcss/dist/chunk-CT46QCH7.mjs:21:355
    at br (file:///D:/Real%20Projects/Menu_ChefEmad/node_modules/tailwindcss/dist/chunk-CT46QCH7.mjs:3:1718)
    at I (file:///D:/Real%20Projects/Menu_ChefEmad/node_modules/tailwindcss/dist/chunk-CT46QCH7.mjs:3:1377)
    at Ae (file:///D:/Real%20Projects/Menu_ChefEmad/node_modules/tailwindcss/dist/chunk-CT46QCH7.mjs:21:172)
    at Wi (file:///D:/Real%20Projects/Menu_ChefEmad/node_modules/tailwindcss/dist/chunk-CT46QCH7.mjs:38:294)
    at async Za (file:///D:/Real%20Projects/Menu_ChefEmad/node_modules/tailwindcss/dist/chunk-CT46QCH7.mjs:38:631)
    at async rf (file:///D:/Real%20Projects/Menu_ChefEmad/node_modules/tailwindcss/dist/chunk-CT46QCH7.mjs:38:1406)
    at async lu (file:///D:/Real%20Projects/Menu_ChefEmad/node_modules/@tailwindcss/node/dist/index.mjs:10:3458)
